// Jest Snapshot v1, https://goo.gl/fbAQLP

exports[`BaseAuxChannel init() should create a bot for the user 1`] = `Object {}`;
