// Jest Snapshot v1, https://goo.gl/fbAQLP

exports[`ESBuildPortalBundler addLibrary() should be able to process imports from libraries 1`] = `
Object {
  "externals": Object {
    "lodash": Object {
      "id": "lodash",
      "typescriptDefinitionsURL": null,
      "url": "https://cdn.skypack.dev/lodash?dts",
    },
  },
  "libraries": Object {
    "casualos": Object {
      "id": "casualos",
      "language": "javascript",
      "source": "export * from \\"lodash\\";",
    },
  },
  "modules": Object {
    "bot1": Set {
      "main",
    },
  },
  "source": "(() => {
  // http-ns:https://cdn.skypack.dev/lodash?dts
  var fun = globalThis.func1;

  // aux-ns:ðŸ“–bot1.main?auxmodule
  fun(\\"main\\");
})();
",
  "tag": "main",
  "warnings": Array [],
}
`;

exports[`ESBuildPortalBundler addLibrary() should only override imports that exactly match the library name 1`] = `
Object {
  "externals": Object {},
  "libraries": Object {
    "rxjs/operators": Object {
      "id": "rxjs/operators",
      "language": "javascript",
      "source": "globalThis.func1(\\"rxjs/operators\\");",
    },
  },
  "modules": Object {
    "bot1": Set {
      "main",
    },
  },
  "source": "(() => {
  // lib-ns:rxjs/operators
  globalThis.func1(\\"rxjs/operators\\");

  // aux-ns:ðŸ“–bot1.main?auxmodule
  globalThis.func1(\\"main\\");
})();
",
  "tag": "main",
  "warnings": Array [],
}
`;

exports[`ESBuildPortalBundler addLibrary() should use the given source when importing the specified library 1`] = `
Object {
  "externals": Object {},
  "libraries": Object {
    "casualos": Object {
      "id": "casualos",
      "language": "javascript",
      "source": "globalThis.func1(\\"casualos\\");",
    },
  },
  "modules": Object {
    "bot1": Set {
      "main",
    },
  },
  "source": "(() => {
  // lib-ns:casualos
  globalThis.func1(\\"casualos\\");

  // aux-ns:ðŸ“–bot1.main?auxmodule
  globalThis.func1(\\"main\\");
})();
",
  "tag": "main",
  "warnings": Array [],
}
`;

exports[`ESBuildPortalBundler bundleTag() library emoji imports should report errors that occur while fetching data 1`] = `
"Error: Build failed with 1 error:
aux-ns:ðŸ“–bot1.main?auxmodule:1:20: error: [casualos] Error: Get failed."
`;

exports[`ESBuildPortalBundler bundleTag() library emoji should resolve with a bundle that contains the specified tags 1`] = `
Object {
  "externals": Object {},
  "libraries": Object {},
  "modules": Object {
    "bot1": Set {
      "main",
    },
    "bot2": Set {
      "main",
    },
  },
  "source": "(() => {
  // aux-ns:ðŸ“–bot1.main?auxmodule
  console.log(\\"abc\\");

  // aux-ns:ðŸ“–bot2.main?auxmodule
  console.log(\\"def\\");
})();
",
  "tag": "main",
  "warnings": Array [],
}
`;

exports[`ESBuildPortalBundler bundleTag() library emoji should resolve with build errors 1`] = `
Object {
  "error": "Error: Build failed with 1 error:
aux-ns:ðŸ“–bot1.main?auxmodule:1:15: error: Unterminated string literal",
  "externals": Object {},
  "libraries": Object {},
  "modules": Object {
    "bot1": Set {
      "main",
    },
  },
  "tag": "main",
  "warnings": Array [],
}
`;

exports[`ESBuildPortalBundler bundleTag() multiple emoji imports should report errors that occur while fetching data 1`] = `
"Error: Build failed with 1 error:
aux-ns:ðŸ™‚bot1.main?auxmodule:1:20: error: [casualos] Error: Get failed."
`;

exports[`ESBuildPortalBundler bundleTag() multiple emoji should resolve with a bundle that contains the specified tags 1`] = `
Object {
  "externals": Object {},
  "libraries": Object {},
  "modules": Object {
    "bot1": Set {
      "main",
    },
    "bot2": Set {
      "main",
    },
  },
  "source": "(() => {
  // aux-ns:ðŸ™‚bot1.main?auxmodule
  console.log(\\"abc\\");

  // aux-ns:ðŸ“–bot2.main?auxmodule
  console.log(\\"def\\");
})();
",
  "tag": "main",
  "warnings": Array [],
}
`;

exports[`ESBuildPortalBundler bundleTag() multiple emoji should resolve with build errors 1`] = `
Object {
  "error": "Error: Build failed with 1 error:
aux-ns:ðŸ™‚bot1.main?auxmodule:1:15: error: Unterminated string literal",
  "externals": Object {},
  "libraries": Object {},
  "modules": Object {
    "bot1": Set {
      "main",
    },
  },
  "tag": "main",
  "warnings": Array [],
}
`;

exports[`ESBuildPortalBundler bundleTag() should support JSON 1`] = `
Object {
  "externals": Object {},
  "libraries": Object {},
  "modules": Object {
    "bot1": Set {
      "main",
    },
  },
  "source": "(() => {
})();
",
  "tag": "main",
  "warnings": Array [
    "Ignoring this import because \\"aux-ns:ðŸ“–bot1.main?auxmodule\\" was marked as having no side effects",
  ],
}
`;

exports[`ESBuildPortalBundler bundleTag() should support JSX 1`] = `
Object {
  "externals": Object {},
  "libraries": Object {},
  "modules": Object {
    "bot1": Set {
      "main",
    },
  },
  "source": "(() => {
})();
",
  "tag": "main",
  "warnings": Array [],
}
`;

exports[`ESBuildPortalBundler bundleTag() should support TSX 1`] = `
Object {
  "externals": Object {},
  "libraries": Object {},
  "modules": Object {
    "bot1": Set {
      "main",
    },
  },
  "source": "(() => {
})();
",
  "tag": "main",
  "warnings": Array [],
}
`;

exports[`ESBuildPortalBundler bundleTag() should support typescript 1`] = `
Object {
  "externals": Object {},
  "libraries": Object {},
  "modules": Object {
    "bot1": Set {
      "main",
    },
  },
  "source": "(() => {
})();
",
  "tag": "main",
  "warnings": Array [],
}
`;

exports[`ESBuildPortalBundler bundleTag() smile emoji imports should report errors that occur while fetching data 1`] = `
"Error: Build failed with 1 error:
aux-ns:ðŸ™‚bot1.main?auxmodule:1:20: error: [casualos] Error: Get failed."
`;

exports[`ESBuildPortalBundler bundleTag() smile emoji should resolve with a bundle that contains the specified tags 1`] = `
Object {
  "externals": Object {},
  "libraries": Object {},
  "modules": Object {
    "bot1": Set {
      "main",
    },
    "bot2": Set {
      "main",
    },
  },
  "source": "(() => {
  // aux-ns:ðŸ™‚bot1.main?auxmodule
  console.log(\\"abc\\");

  // aux-ns:ðŸ™‚bot2.main?auxmodule
  console.log(\\"def\\");
})();
",
  "tag": "main",
  "warnings": Array [],
}
`;

exports[`ESBuildPortalBundler bundleTag() smile emoji should resolve with build errors 1`] = `
Object {
  "error": "Error: Build failed with 1 error:
aux-ns:ðŸ™‚bot1.main?auxmodule:1:15: error: Unterminated string literal",
  "externals": Object {},
  "libraries": Object {},
  "modules": Object {
    "bot1": Set {
      "main",
    },
  },
  "tag": "main",
  "warnings": Array [],
}
`;
